// Jest Snapshot v1, https://goo.gl/fbAQLP

exports[`Nav renders correctly 1`] = `
<div
  style={
    Object {
      "display": "block",
      "float": "left",
      "height": "100%",
      "position": "fixed",
      "width": "20vw",
    }
  }
>
  <h2>
    New Zealand
  </h2>
  <a
    href="/nzgFeed"
    onClick={[Function]}
  >
    <h2>
      General
    </h2>
  </a>
  <a
    href="/nzstFeed"
    onClick={[Function]}
  >
    <h2>
      Science and Technology
    </h2>
  </a>
  <br />
  <h2>
    Reddit
  </h2>
  <a
    href="/phFeed"
    onClick={[Function]}
  >
    <h3>
      Programmer Humor
    </h3>
  </a>
  <a
    href="/rcFeed"
    onClick={[Function]}
  >
    <h3>
      Retconned
    </h3>
  </a>
  <a
    href="/bsFeed"
    onClick={[Function]}
  >
    <h3>
      Is It Bullshit
    </h3>
  </a>
  <a
    href="/tataFeed"
    onClick={[Function]}
  >
    <h3>
      Too Afraid To Ask
    </h3>
  </a>
  <br />
  <h2>
    News
  </h2>
  <a
    href="/jsFeed"
    onClick={[Function]}
  >
    <h3>
      Javascript
    </h3>
  </a>
  <a
    href="/qcFeed"
    onClick={[Function]}
  >
    <h3>
      Quantum Computing
    </h3>
  </a>
  <a
    href="/qpFeed"
    onClick={[Function]}
  >
    <h3>
      Quantum Physics
    </h3>
  </a>
  <a
    href="/spaceFeed"
    onClick={[Function]}
  >
    <h3>
      Space
    </h3>
  </a>
  <br />
  <a
    href="/apod"
    onClick={[Function]}
  >
    <h2>
      Astronomy Picture of the Day
    </h2>
  </a>
</div>
`;
